// Jest Snapshot v1, https://goo.gl/fbAQLP

exports[`initOf should implement initof correctly - 4 1`] = `
[
  {
    "$seq": 0,
    "events": [
      {
        "$type": "deploy",
      },
      {
        "$type": "received",
        "message": {
          "body": {
            "text": "aa",
            "type": "text",
          },
          "bounce": true,
          "from": "@treasure(treasure)",
          "to": "kQCQ9YMnQzaDyt17d0pyJR7wP1uBYCIerKSaJnu0J-hSk2gE",
          "type": "internal",
          "value": "10",
        },
      },
      {
        "$type": "processed",
        "gasUsed": 10085n,
      },
    ],
  },
]
`;
